// Jest Snapshot v1, https://goo.gl/fbAQLP

exports[`It should render addicon 1`] = `
Object {
  "asFragment": [Function],
  "baseElement": <body>
    <div>
      <svg
        class=""
        fill="none"
        height="512"
        viewBox="0 0 62 62"
        width="512"
        xmlns="http://www.w3.org/2000/svg"
      >
        <path
          d="M31 0C13.878 0 0 13.878 0 31s13.878 31 31 31 31-13.869 31-31S48.122 0 31 0zm14.468 32.966a2.485 2.485 0 01-2.477 2.478H35.55v7.441a2.485 2.485 0 01-2.478 2.477h-4.135a2.485 2.485 0 01-2.478-2.477v-7.441h-7.441a2.485 2.485 0 01-2.478-2.478v-4.135a2.486 2.486 0 012.478-2.477h7.441v-7.442a2.485 2.485 0 012.478-2.477h4.135a2.485 2.485 0 012.478 2.477v7.442h7.441a2.485 2.485 0 012.477 2.477v4.135z"
          fill="#fff"
        />
      </svg>
    </div>
  </body>,
  "container": <div>
    <svg
      class=""
      fill="none"
      height="512"
      viewBox="0 0 62 62"
      width="512"
      xmlns="http://www.w3.org/2000/svg"
    >
      <path
        d="M31 0C13.878 0 0 13.878 0 31s13.878 31 31 31 31-13.869 31-31S48.122 0 31 0zm14.468 32.966a2.485 2.485 0 01-2.477 2.478H35.55v7.441a2.485 2.485 0 01-2.478 2.477h-4.135a2.485 2.485 0 01-2.478-2.477v-7.441h-7.441a2.485 2.485 0 01-2.478-2.478v-4.135a2.486 2.486 0 012.478-2.477h7.441v-7.442a2.485 2.485 0 012.478-2.477h4.135a2.485 2.485 0 012.478 2.477v7.442h7.441a2.485 2.485 0 012.477 2.477v4.135z"
        fill="#fff"
      />
    </svg>
  </div>,
  "debug": [Function],
  "findAllByAltText": [Function],
  "findAllByDisplayValue": [Function],
  "findAllByLabelText": [Function],
  "findAllByPlaceholderText": [Function],
  "findAllByRole": [Function],
  "findAllByTestId": [Function],
  "findAllByText": [Function],
  "findAllByTitle": [Function],
  "findByAltText": [Function],
  "findByDisplayValue": [Function],
  "findByLabelText": [Function],
  "findByPlaceholderText": [Function],
  "findByRole": [Function],
  "findByTestId": [Function],
  "findByText": [Function],
  "findByTitle": [Function],
  "getAllByAltText": [Function],
  "getAllByDisplayValue": [Function],
  "getAllByLabelText": [Function],
  "getAllByPlaceholderText": [Function],
  "getAllByRole": [Function],
  "getAllByTestId": [Function],
  "getAllByText": [Function],
  "getAllByTitle": [Function],
  "getByAltText": [Function],
  "getByDisplayValue": [Function],
  "getByLabelText": [Function],
  "getByPlaceholderText": [Function],
  "getByRole": [Function],
  "getByTestId": [Function],
  "getByText": [Function],
  "getByTitle": [Function],
  "queryAllByAltText": [Function],
  "queryAllByDisplayValue": [Function],
  "queryAllByLabelText": [Function],
  "queryAllByPlaceholderText": [Function],
  "queryAllByRole": [Function],
  "queryAllByTestId": [Function],
  "queryAllByText": [Function],
  "queryAllByTitle": [Function],
  "queryByAltText": [Function],
  "queryByDisplayValue": [Function],
  "queryByLabelText": [Function],
  "queryByPlaceholderText": [Function],
  "queryByRole": [Function],
  "queryByTestId": [Function],
  "queryByText": [Function],
  "queryByTitle": [Function],
  "rerender": [Function],
  "unmount": [Function],
}
`;
