// Jest Snapshot v1, https://goo.gl/fbAQLP

exports[`ErrorBoundary and Fallback renders error boundary and reports error if thrown 1`] = `
<div
  class="text-center text-white"
  role="alert"
>
  <p>
    Something went wrong with loading your Application Hierarchy Tree:
  </p>
  <pre>
    dummy error I made up
  </pre>
  <button
    type="button"
  >
    Try again
  </button>
</div>
`;
